Archive member included because of file (symbol)

c:/program files (x86)/atmel/atmel toolchain/avr8 gcc/native/3.4.1061/avr8-gnu-toolchain/bin/../lib/gcc/avr/4.8.1/avr5\libgcc.a(_divmodhi4.o)
                              nixie_loader/display_modes.o (__divmodhi4)
c:/program files (x86)/atmel/atmel toolchain/avr8 gcc/native/3.4.1061/avr8-gnu-toolchain/bin/../lib/gcc/avr/4.8.1/avr5\libgcc.a(_udivmodsi4.o)
                              nixie_loader/nixie_loader.o (__udivmodsi4)
c:/program files (x86)/atmel/atmel toolchain/avr8 gcc/native/3.4.1061/avr8-gnu-toolchain/bin/../lib/gcc/avr/4.8.1/avr5\libgcc.a(_exit.o)
                              c:/program files (x86)/atmel/atmel toolchain/avr8 gcc/native/3.4.1061/avr8-gnu-toolchain/bin/../lib/gcc/avr/4.8.1/../../../../avr/lib/avr5/crtm328p.o (exit)
c:/program files (x86)/atmel/atmel toolchain/avr8 gcc/native/3.4.1061/avr8-gnu-toolchain/bin/../lib/gcc/avr/4.8.1/avr5\libgcc.a(_tablejump.o)
                              nixie_loader/display_modes.o (__tablejump2__)
c:/program files (x86)/atmel/atmel toolchain/avr8 gcc/native/3.4.1061/avr8-gnu-toolchain/bin/../lib/gcc/avr/4.8.1/avr5\libgcc.a(_copy_data.o)
                              nixie_loader/nixie_loader.o (__do_copy_data)
c:/program files (x86)/atmel/atmel toolchain/avr8 gcc/native/3.4.1061/avr8-gnu-toolchain/bin/../lib/gcc/avr/4.8.1/avr5\libgcc.a(_clear_bss.o)
                              board_conf/board_conf.o (__do_clear_bss)
c:/program files (x86)/atmel/atmel toolchain/avr8 gcc/native/3.4.1061/avr8-gnu-toolchain/bin/../lib/gcc/avr/4.8.1/avr5\libgcc.a(_udivmodhi4.o)
                              c:/program files (x86)/atmel/atmel toolchain/avr8 gcc/native/3.4.1061/avr8-gnu-toolchain/bin/../lib/gcc/avr/4.8.1/avr5\libgcc.a(_divmodhi4.o) (__udivmodhi4)

Allocating common symbols
Common symbol       size              file

global_bitstream    0xc               Divergence Meter.o
global_digits       0x10              Divergence Meter.o
global_mapped_digits
                    0x10              Divergence Meter.o
display_mode_substate
                    0x2               board_conf/board_conf.o
time_ampm_bit       0x1               board_conf/board_conf.o
divergence_rand     0x4               board_conf/board_conf.o
unblanking_hour     0x1               board_conf/board_conf.o
display_mode_state  0x2               board_conf/board_conf.o
blanking_hour       0x1               board_conf/board_conf.o
alarm1_ampm_bit     0x1               board_conf/board_conf.o
clock_mode_12_24    0x1               board_conf/board_conf.o
offset_adjust       0x1               board_conf/board_conf.o
global_nixie_brightness
                    0x1               Divergence Meter.o
clock_mode_mmdd_ddmm
                    0x1               board_conf/board_conf.o
global_nixie_brightness_counter
                    0x1               Divergence Meter.o
time                0x6               board_conf/board_conf.o
divergence          0x7               board_conf/board_conf.o
prog_divergence     0x2c              board_conf/board_conf.o
global_excercise_counter
                    0x1               nixie_loader/display_modes.o
alarm2              0x4               board_conf/board_conf.o
global_excercise_flag
                    0x1               nixie_loader/display_modes.o
date                0x6               board_conf/board_conf.o
alarm2_ampm_bit     0x1               board_conf/board_conf.o
alarm1              0x6               board_conf/board_conf.o

Discarded input sections

 .data          0x00000000        0x0 c:/program files (x86)/atmel/atmel toolchain/avr8 gcc/native/3.4.1061/avr8-gnu-toolchain/bin/../lib/gcc/avr/4.8.1/../../../../avr/lib/avr5/crtm328p.o
 .bss           0x00000000        0x0 c:/program files (x86)/atmel/atmel toolchain/avr8 gcc/native/3.4.1061/avr8-gnu-toolchain/bin/../lib/gcc/avr/4.8.1/../../../../avr/lib/avr5/crtm328p.o
 .text          0x00000000        0x0 board_conf/board_conf.o
 .data          0x00000000        0x0 board_conf/board_conf.o
 .bss           0x00000000        0x0 board_conf/board_conf.o
 .text          0x00000000        0x0 Divergence Meter.o
 .data          0x00000000        0x0 Divergence Meter.o
 .bss           0x00000000        0x0 Divergence Meter.o
 .text          0x00000000        0x0 DS3232/DS3232_driver.o
 .data          0x00000000        0x0 DS3232/DS3232_driver.o
 .bss           0x00000000        0x0 DS3232/DS3232_driver.o
 .text          0x00000000        0x0 nixie_loader/display_modes.o
 .data          0x00000000        0x0 nixie_loader/display_modes.o
 .bss           0x00000000        0x0 nixie_loader/display_modes.o
 .text          0x00000000        0x0 nixie_loader/nixie_loader.o
 .data          0x00000000        0x0 nixie_loader/nixie_loader.o
 .bss           0x00000000        0x0 nixie_loader/nixie_loader.o
 .text          0x00000000        0x0 twi/twi_driver.o
 .data          0x00000000        0x0 twi/twi_driver.o
 .bss           0x00000000        0x0 twi/twi_driver.o
 .text          0x00000000        0x0 usart/usart_driver.o
 .data          0x00000000        0x0 usart/usart_driver.o
 .bss           0x00000000        0x0 usart/usart_driver.o
 .text.transmit_byte
                0x00000000       0x10 usart/usart_driver.o
 .text.recieve_byte
                0x00000000       0x10 usart/usart_driver.o
 .text.print_string
                0x00000000       0x2a usart/usart_driver.o
 .text.print_byte
                0x00000000       0x62 usart/usart_driver.o
 .text          0x00000000        0x0 c:/program files (x86)/atmel/atmel toolchain/avr8 gcc/native/3.4.1061/avr8-gnu-toolchain/bin/../lib/gcc/avr/4.8.1/avr5\libgcc.a(_divmodhi4.o)
 .data          0x00000000        0x0 c:/program files (x86)/atmel/atmel toolchain/avr8 gcc/native/3.4.1061/avr8-gnu-toolchain/bin/../lib/gcc/avr/4.8.1/avr5\libgcc.a(_divmodhi4.o)
 .bss           0x00000000        0x0 c:/program files (x86)/atmel/atmel toolchain/avr8 gcc/native/3.4.1061/avr8-gnu-toolchain/bin/../lib/gcc/avr/4.8.1/avr5\libgcc.a(_divmodhi4.o)
 .text.libgcc.mul
                0x00000000        0x0 c:/program files (x86)/atmel/atmel toolchain/avr8 gcc/native/3.4.1061/avr8-gnu-toolchain/bin/../lib/gcc/avr/4.8.1/avr5\libgcc.a(_divmodhi4.o)
 .text.libgcc   0x00000000        0x0 c:/program files (x86)/atmel/atmel toolchain/avr8 gcc/native/3.4.1061/avr8-gnu-toolchain/bin/../lib/gcc/avr/4.8.1/avr5\libgcc.a(_divmodhi4.o)
 .text.libgcc.prologue
                0x00000000        0x0 c:/program files (x86)/atmel/atmel toolchain/avr8 gcc/native/3.4.1061/avr8-gnu-toolchain/bin/../lib/gcc/avr/4.8.1/avr5\libgcc.a(_divmodhi4.o)
 .text.libgcc.builtins
                0x00000000        0x0 c:/program files (x86)/atmel/atmel toolchain/avr8 gcc/native/3.4.1061/avr8-gnu-toolchain/bin/../lib/gcc/avr/4.8.1/avr5\libgcc.a(_divmodhi4.o)
 .text.libgcc.fmul
                0x00000000        0x0 c:/program files (x86)/atmel/atmel toolchain/avr8 gcc/native/3.4.1061/avr8-gnu-toolchain/bin/../lib/gcc/avr/4.8.1/avr5\libgcc.a(_divmodhi4.o)
 .text.libgcc.fixed
                0x00000000        0x0 c:/program files (x86)/atmel/atmel toolchain/avr8 gcc/native/3.4.1061/avr8-gnu-toolchain/bin/../lib/gcc/avr/4.8.1/avr5\libgcc.a(_divmodhi4.o)
 .text          0x00000000        0x0 c:/program files (x86)/atmel/atmel toolchain/avr8 gcc/native/3.4.1061/avr8-gnu-toolchain/bin/../lib/gcc/avr/4.8.1/avr5\libgcc.a(_udivmodsi4.o)
 .data          0x00000000        0x0 c:/program files (x86)/atmel/atmel toolchain/avr8 gcc/native/3.4.1061/avr8-gnu-toolchain/bin/../lib/gcc/avr/4.8.1/avr5\libgcc.a(_udivmodsi4.o)
 .bss           0x00000000        0x0 c:/program files (x86)/atmel/atmel toolchain/avr8 gcc/native/3.4.1061/avr8-gnu-toolchain/bin/../lib/gcc/avr/4.8.1/avr5\libgcc.a(_udivmodsi4.o)
 .text.libgcc.mul
                0x00000000        0x0 c:/program files (x86)/atmel/atmel toolchain/avr8 gcc/native/3.4.1061/avr8-gnu-toolchain/bin/../lib/gcc/avr/4.8.1/avr5\libgcc.a(_udivmodsi4.o)
 .text.libgcc   0x00000000        0x0 c:/program files (x86)/atmel/atmel toolchain/avr8 gcc/native/3.4.1061/avr8-gnu-toolchain/bin/../lib/gcc/avr/4.8.1/avr5\libgcc.a(_udivmodsi4.o)
 .text.libgcc.prologue
                0x00000000        0x0 c:/program files (x86)/atmel/atmel toolchain/avr8 gcc/native/3.4.1061/avr8-gnu-toolchain/bin/../lib/gcc/avr/4.8.1/avr5\libgcc.a(_udivmodsi4.o)
 .text.libgcc.builtins
                0x00000000        0x0 c:/program files (x86)/atmel/atmel toolchain/avr8 gcc/native/3.4.1061/avr8-gnu-toolchain/bin/../lib/gcc/avr/4.8.1/avr5\libgcc.a(_udivmodsi4.o)
 .text.libgcc.fmul
                0x00000000        0x0 c:/program files (x86)/atmel/atmel toolchain/avr8 gcc/native/3.4.1061/avr8-gnu-toolchain/bin/../lib/gcc/avr/4.8.1/avr5\libgcc.a(_udivmodsi4.o)
 .text.libgcc.fixed
                0x00000000        0x0 c:/program files (x86)/atmel/atmel toolchain/avr8 gcc/native/3.4.1061/avr8-gnu-toolchain/bin/../lib/gcc/avr/4.8.1/avr5\libgcc.a(_udivmodsi4.o)
 .text          0x00000000        0x0 c:/program files (x86)/atmel/atmel toolchain/avr8 gcc/native/3.4.1061/avr8-gnu-toolchain/bin/../lib/gcc/avr/4.8.1/avr5\libgcc.a(_exit.o)
 .data          0x00000000        0x0 c:/program files (x86)/atmel/atmel toolchain/avr8 gcc/native/3.4.1061/avr8-gnu-toolchain/bin/../lib/gcc/avr/4.8.1/avr5\libgcc.a(_exit.o)
 .bss           0x00000000        0x0 c:/program files (x86)/atmel/atmel toolchain/avr8 gcc/native/3.4.1061/avr8-gnu-toolchain/bin/../lib/gcc/avr/4.8.1/avr5\libgcc.a(_exit.o)
 .text.libgcc.mul
                0x00000000        0x0 c:/program files (x86)/atmel/atmel toolchain/avr8 gcc/native/3.4.1061/avr8-gnu-toolchain/bin/../lib/gcc/avr/4.8.1/avr5\libgcc.a(_exit.o)
 .text.libgcc.div
                0x00000000        0x0 c:/program files (x86)/atmel/atmel toolchain/avr8 gcc/native/3.4.1061/avr8-gnu-toolchain/bin/../lib/gcc/avr/4.8.1/avr5\libgcc.a(_exit.o)
 .text.libgcc   0x00000000        0x0 c:/program files (x86)/atmel/atmel toolchain/avr8 gcc/native/3.4.1061/avr8-gnu-toolchain/bin/../lib/gcc/avr/4.8.1/avr5\libgcc.a(_exit.o)
 .text.libgcc.prologue
                0x00000000        0x0 c:/program files (x86)/atmel/atmel toolchain/avr8 gcc/native/3.4.1061/avr8-gnu-toolchain/bin/../lib/gcc/avr/4.8.1/avr5\libgcc.a(_exit.o)
 .text.libgcc.builtins
                0x00000000        0x0 c:/program files (x86)/atmel/atmel toolchain/avr8 gcc/native/3.4.1061/avr8-gnu-toolchain/bin/../lib/gcc/avr/4.8.1/avr5\libgcc.a(_exit.o)
 .text.libgcc.fmul
                0x00000000        0x0 c:/program files (x86)/atmel/atmel toolchain/avr8 gcc/native/3.4.1061/avr8-gnu-toolchain/bin/../lib/gcc/avr/4.8.1/avr5\libgcc.a(_exit.o)
 .text.libgcc.fixed
                0x00000000        0x0 c:/program files (x86)/atmel/atmel toolchain/avr8 gcc/native/3.4.1061/avr8-gnu-toolchain/bin/../lib/gcc/avr/4.8.1/avr5\libgcc.a(_exit.o)
 .text          0x00000000        0x0 c:/program files (x86)/atmel/atmel toolchain/avr8 gcc/native/3.4.1061/avr8-gnu-toolchain/bin/../lib/gcc/avr/4.8.1/avr5\libgcc.a(_tablejump.o)
 .data          0x00000000        0x0 c:/program files (x86)/atmel/atmel toolchain/avr8 gcc/native/3.4.1061/avr8-gnu-toolchain/bin/../lib/gcc/avr/4.8.1/avr5\libgcc.a(_tablejump.o)
 .bss           0x00000000        0x0 c:/program files (x86)/atmel/atmel toolchain/avr8 gcc/native/3.4.1061/avr8-gnu-toolchain/bin/../lib/gcc/avr/4.8.1/avr5\libgcc.a(_tablejump.o)
 .text.libgcc.mul
                0x00000000        0x0 c:/program files (x86)/atmel/atmel toolchain/avr8 gcc/native/3.4.1061/avr8-gnu-toolchain/bin/../lib/gcc/avr/4.8.1/avr5\libgcc.a(_tablejump.o)
 .text.libgcc.div
                0x00000000        0x0 c:/program files (x86)/atmel/atmel toolchain/avr8 gcc/native/3.4.1061/avr8-gnu-toolchain/bin/../lib/gcc/avr/4.8.1/avr5\libgcc.a(_tablejump.o)
 .text.libgcc.prologue
                0x00000000        0x0 c:/program files (x86)/atmel/atmel toolchain/avr8 gcc/native/3.4.1061/avr8-gnu-toolchain/bin/../lib/gcc/avr/4.8.1/avr5\libgcc.a(_tablejump.o)
 .text.libgcc.builtins
                0x00000000        0x0 c:/program files (x86)/atmel/atmel toolchain/avr8 gcc/native/3.4.1061/avr8-gnu-toolchain/bin/../lib/gcc/avr/4.8.1/avr5\libgcc.a(_tablejump.o)
 .text.libgcc.fmul
                0x00000000        0x0 c:/program files (x86)/atmel/atmel toolchain/avr8 gcc/native/3.4.1061/avr8-gnu-toolchain/bin/../lib/gcc/avr/4.8.1/avr5\libgcc.a(_tablejump.o)
 .text.libgcc.fixed
                0x00000000        0x0 c:/program files (x86)/atmel/atmel toolchain/avr8 gcc/native/3.4.1061/avr8-gnu-toolchain/bin/../lib/gcc/avr/4.8.1/avr5\libgcc.a(_tablejump.o)
 .text          0x00000000        0x0 c:/program files (x86)/atmel/atmel toolchain/avr8 gcc/native/3.4.1061/avr8-gnu-toolchain/bin/../lib/gcc/avr/4.8.1/avr5\libgcc.a(_copy_data.o)
 .data          0x00000000        0x0 c:/program files (x86)/atmel/atmel toolchain/avr8 gcc/native/3.4.1061/avr8-gnu-toolchain/bin/../lib/gcc/avr/4.8.1/avr5\libgcc.a(_copy_data.o)
 .bss           0x00000000        0x0 c:/program files (x86)/atmel/atmel toolchain/avr8 gcc/native/3.4.1061/avr8-gnu-toolchain/bin/../lib/gcc/avr/4.8.1/avr5\libgcc.a(_copy_data.o)
 .text.libgcc.mul
                0x00000000        0x0 c:/program files (x86)/atmel/atmel toolchain/avr8 gcc/native/3.4.1061/avr8-gnu-toolchain/bin/../lib/gcc/avr/4.8.1/avr5\libgcc.a(_copy_data.o)
 .text.libgcc.div
                0x00000000        0x0 c:/program files (x86)/atmel/atmel toolchain/avr8 gcc/native/3.4.1061/avr8-gnu-toolchain/bin/../lib/gcc/avr/4.8.1/avr5\libgcc.a(_copy_data.o)
 .text.libgcc   0x00000000        0x0 c:/program files (x86)/atmel/atmel toolchain/avr8 gcc/native/3.4.1061/avr8-gnu-toolchain/bin/../lib/gcc/avr/4.8.1/avr5\libgcc.a(_copy_data.o)
 .text.libgcc.prologue
                0x00000000        0x0 c:/program files (x86)/atmel/atmel toolchain/avr8 gcc/native/3.4.1061/avr8-gnu-toolchain/bin/../lib/gcc/avr/4.8.1/avr5\libgcc.a(_copy_data.o)
 .text.libgcc.builtins
                0x00000000        0x0 c:/program files (x86)/atmel/atmel toolchain/avr8 gcc/native/3.4.1061/avr8-gnu-toolchain/bin/../lib/gcc/avr/4.8.1/avr5\libgcc.a(_copy_data.o)
 .text.libgcc.fmul
                0x00000000        0x0 c:/program files (x86)/atmel/atmel toolchain/avr8 gcc/native/3.4.1061/avr8-gnu-toolchain/bin/../lib/gcc/avr/4.8.1/avr5\libgcc.a(_copy_data.o)
 .text.libgcc.fixed
                0x00000000        0x0 c:/program files (x86)/atmel/atmel toolchain/avr8 gcc/native/3.4.1061/avr8-gnu-toolchain/bin/../lib/gcc/avr/4.8.1/avr5\libgcc.a(_copy_data.o)
 .text          0x00000000        0x0 c:/program files (x86)/atmel/atmel toolchain/avr8 gcc/native/3.4.1061/avr8-gnu-toolchain/bin/../lib/gcc/avr/4.8.1/avr5\libgcc.a(_clear_bss.o)
 .data          0x00000000        0x0 c:/program files (x86)/atmel/atmel toolchain/avr8 gcc/native/3.4.1061/avr8-gnu-toolchain/bin/../lib/gcc/avr/4.8.1/avr5\libgcc.a(_clear_bss.o)
 .bss           0x00000000        0x0 c:/program files (x86)/atmel/atmel toolchain/avr8 gcc/native/3.4.1061/avr8-gnu-toolchain/bin/../lib/gcc/avr/4.8.1/avr5\libgcc.a(_clear_bss.o)
 .text.libgcc.mul
                0x00000000        0x0 c:/program files (x86)/atmel/atmel toolchain/avr8 gcc/native/3.4.1061/avr8-gnu-toolchain/bin/../lib/gcc/avr/4.8.1/avr5\libgcc.a(_clear_bss.o)
 .text.libgcc.div
                0x00000000        0x0 c:/program files (x86)/atmel/atmel toolchain/avr8 gcc/native/3.4.1061/avr8-gnu-toolchain/bin/../lib/gcc/avr/4.8.1/avr5\libgcc.a(_clear_bss.o)
 .text.libgcc   0x00000000        0x0 c:/program files (x86)/atmel/atmel toolchain/avr8 gcc/native/3.4.1061/avr8-gnu-toolchain/bin/../lib/gcc/avr/4.8.1/avr5\libgcc.a(_clear_bss.o)
 .text.libgcc.prologue
                0x00000000        0x0 c:/program files (x86)/atmel/atmel toolchain/avr8 gcc/native/3.4.1061/avr8-gnu-toolchain/bin/../lib/gcc/avr/4.8.1/avr5\libgcc.a(_clear_bss.o)
 .text.libgcc.builtins
                0x00000000        0x0 c:/program files (x86)/atmel/atmel toolchain/avr8 gcc/native/3.4.1061/avr8-gnu-toolchain/bin/../lib/gcc/avr/4.8.1/avr5\libgcc.a(_clear_bss.o)
 .text.libgcc.fmul
                0x00000000        0x0 c:/program files (x86)/atmel/atmel toolchain/avr8 gcc/native/3.4.1061/avr8-gnu-toolchain/bin/../lib/gcc/avr/4.8.1/avr5\libgcc.a(_clear_bss.o)
 .text.libgcc.fixed
                0x00000000        0x0 c:/program files (x86)/atmel/atmel toolchain/avr8 gcc/native/3.4.1061/avr8-gnu-toolchain/bin/../lib/gcc/avr/4.8.1/avr5\libgcc.a(_clear_bss.o)
 .text          0x00000000        0x0 c:/program files (x86)/atmel/atmel toolchain/avr8 gcc/native/3.4.1061/avr8-gnu-toolchain/bin/../lib/gcc/avr/4.8.1/avr5\libgcc.a(_udivmodhi4.o)
 .data          0x00000000        0x0 c:/program files (x86)/atmel/atmel toolchain/avr8 gcc/native/3.4.1061/avr8-gnu-toolchain/bin/../lib/gcc/avr/4.8.1/avr5\libgcc.a(_udivmodhi4.o)
 .bss           0x00000000        0x0 c:/program files (x86)/atmel/atmel toolchain/avr8 gcc/native/3.4.1061/avr8-gnu-toolchain/bin/../lib/gcc/avr/4.8.1/avr5\libgcc.a(_udivmodhi4.o)
 .text.libgcc.mul
                0x00000000        0x0 c:/program files (x86)/atmel/atmel toolchain/avr8 gcc/native/3.4.1061/avr8-gnu-toolchain/bin/../lib/gcc/avr/4.8.1/avr5\libgcc.a(_udivmodhi4.o)
 .text.libgcc   0x00000000        0x0 c:/program files (x86)/atmel/atmel toolchain/avr8 gcc/native/3.4.1061/avr8-gnu-toolchain/bin/../lib/gcc/avr/4.8.1/avr5\libgcc.a(_udivmodhi4.o)
 .text.libgcc.prologue
                0x00000000        0x0 c:/program files (x86)/atmel/atmel toolchain/avr8 gcc/native/3.4.1061/avr8-gnu-toolchain/bin/../lib/gcc/avr/4.8.1/avr5\libgcc.a(_udivmodhi4.o)
 .text.libgcc.builtins
                0x00000000        0x0 c:/program files (x86)/atmel/atmel toolchain/avr8 gcc/native/3.4.1061/avr8-gnu-toolchain/bin/../lib/gcc/avr/4.8.1/avr5\libgcc.a(_udivmodhi4.o)
 .text.libgcc.fmul
                0x00000000        0x0 c:/program files (x86)/atmel/atmel toolchain/avr8 gcc/native/3.4.1061/avr8-gnu-toolchain/bin/../lib/gcc/avr/4.8.1/avr5\libgcc.a(_udivmodhi4.o)
 .text.libgcc.fixed
                0x00000000        0x0 c:/program files (x86)/atmel/atmel toolchain/avr8 gcc/native/3.4.1061/avr8-gnu-toolchain/bin/../lib/gcc/avr/4.8.1/avr5\libgcc.a(_udivmodhi4.o)

Memory Configuration

Name             Origin             Length             Attributes
text             0x00000000         0x00020000         xr
data             0x00800060         0x0000ffa0         rw !x
eeprom           0x00810000         0x00010000         rw !x
fuse             0x00820000         0x00000400         rw !x
lock             0x00830000         0x00000400         rw !x
signature        0x00840000         0x00000400         rw !x
user_signatures  0x00850000         0x00000400         rw !x
*default*        0x00000000         0xffffffff

Linker script and memory map

Address of section .data set to 0x800100
LOAD c:/program files (x86)/atmel/atmel toolchain/avr8 gcc/native/3.4.1061/avr8-gnu-toolchain/bin/../lib/gcc/avr/4.8.1/../../../../avr/lib/avr5/crtm328p.o
LOAD board_conf/board_conf.o
LOAD Divergence Meter.o
LOAD DS3232/DS3232_driver.o
LOAD nixie_loader/display_modes.o
LOAD nixie_loader/nixie_loader.o
LOAD twi/twi_driver.o
LOAD usart/usart_driver.o
START GROUP
LOAD c:/program files (x86)/atmel/atmel toolchain/avr8 gcc/native/3.4.1061/avr8-gnu-toolchain/bin/../lib/gcc/avr/4.8.1/../../../../avr/lib/avr5\libm.a
END GROUP
LOAD c:/program files (x86)/atmel/atmel toolchain/avr8 gcc/native/3.4.1061/avr8-gnu-toolchain/bin/../lib/gcc/avr/4.8.1/avr5\libgcc.a
LOAD c:/program files (x86)/atmel/atmel toolchain/avr8 gcc/native/3.4.1061/avr8-gnu-toolchain/bin/../lib/gcc/avr/4.8.1/../../../../avr/lib/avr5\libm.a
START GROUP
LOAD c:/program files (x86)/atmel/atmel toolchain/avr8 gcc/native/3.4.1061/avr8-gnu-toolchain/bin/../lib/gcc/avr/4.8.1/avr5\libgcc.a
LOAD c:/program files (x86)/atmel/atmel toolchain/avr8 gcc/native/3.4.1061/avr8-gnu-toolchain/bin/../lib/gcc/avr/4.8.1/../../../../avr/lib/avr5\libm.a
LOAD c:/program files (x86)/atmel/atmel toolchain/avr8 gcc/native/3.4.1061/avr8-gnu-toolchain/bin/../lib/gcc/avr/4.8.1/../../../../avr/lib/avr5\libc.a
END GROUP

.hash
 *(.hash)

.dynsym
 *(.dynsym)

.dynstr
 *(.dynstr)

.gnu.version
 *(.gnu.version)

.gnu.version_d
 *(.gnu.version_d)

.gnu.version_r
 *(.gnu.version_r)

.rel.init
 *(.rel.init)

.rela.init
 *(.rela.init)

.rel.text
 *(.rel.text)
 *(.rel.text.*)
 *(.rel.gnu.linkonce.t*)

.rela.text
 *(.rela.text)
 *(.rela.text.*)
 *(.rela.gnu.linkonce.t*)

.rel.fini
 *(.rel.fini)

.rela.fini
 *(.rela.fini)

.rel.rodata
 *(.rel.rodata)
 *(.rel.rodata.*)
 *(.rel.gnu.linkonce.r*)

.rela.rodata
 *(.rela.rodata)
 *(.rela.rodata.*)
 *(.rela.gnu.linkonce.r*)

.rel.data
 *(.rel.data)
 *(.rel.data.*)
 *(.rel.gnu.linkonce.d*)

.rela.data
 *(.rela.data)
 *(.rela.data.*)
 *(.rela.gnu.linkonce.d*)

.rel.ctors
 *(.rel.ctors)

.rela.ctors
 *(.rela.ctors)

.rel.dtors
 *(.rel.dtors)

.rela.dtors
 *(.rela.dtors)

.rel.got
 *(.rel.got)

.rela.got
 *(.rela.got)

.rel.bss
 *(.rel.bss)

.rela.bss
 *(.rela.bss)

.rel.plt
 *(.rel.plt)

.rela.plt
 *(.rela.plt)

.text           0x00000000     0x1ede
 *(.vectors)
 .vectors       0x00000000       0x68 c:/program files (x86)/atmel/atmel toolchain/avr8 gcc/native/3.4.1061/avr8-gnu-toolchain/bin/../lib/gcc/avr/4.8.1/../../../../avr/lib/avr5/crtm328p.o
                0x00000000                __vector_default
                0x00000000                __vectors
 *(.vectors)
 *(.progmem.gcc*)
 .progmem.gcc_sw_table.__vector_3
                0x00000068       0x34 nixie_loader/display_modes.o
 .progmem.gcc_sw_table.__vector_11
                0x0000009c       0x18 nixie_loader/display_modes.o
                0x000000b4                . = ALIGN (0x2)
                0x000000b4                __trampolines_start = .
 *(.trampolines)
 .trampolines   0x000000b4        0x0 linker stubs
 *(.trampolines*)
                0x000000b4                __trampolines_end = .
 *(.progmem*)
                0x000000b4                . = ALIGN (0x2)
 *(.jumptables)
 *(.jumptables*)
 *(.lowtext)
 *(.lowtext*)
                0x000000b4                __ctors_start = .
 *(.ctors)
                0x000000b4                __ctors_end = .
                0x000000b4                __dtors_start = .
 *(.dtors)
                0x000000b4                __dtors_end = .
 SORT(*)(.ctors)
 SORT(*)(.dtors)
 *(.init0)
 .init0         0x000000b4        0x0 c:/program files (x86)/atmel/atmel toolchain/avr8 gcc/native/3.4.1061/avr8-gnu-toolchain/bin/../lib/gcc/avr/4.8.1/../../../../avr/lib/avr5/crtm328p.o
                0x000000b4                __init
 *(.init0)
 *(.init1)
 *(.init1)
 *(.init2)
 .init2         0x000000b4        0xc c:/program files (x86)/atmel/atmel toolchain/avr8 gcc/native/3.4.1061/avr8-gnu-toolchain/bin/../lib/gcc/avr/4.8.1/../../../../avr/lib/avr5/crtm328p.o
 *(.init2)
 *(.init3)
 *(.init3)
 *(.init4)
 .init4         0x000000c0       0x16 c:/program files (x86)/atmel/atmel toolchain/avr8 gcc/native/3.4.1061/avr8-gnu-toolchain/bin/../lib/gcc/avr/4.8.1/avr5\libgcc.a(_copy_data.o)
                0x000000c0                __do_copy_data
 .init4         0x000000d6       0x10 c:/program files (x86)/atmel/atmel toolchain/avr8 gcc/native/3.4.1061/avr8-gnu-toolchain/bin/../lib/gcc/avr/4.8.1/avr5\libgcc.a(_clear_bss.o)
                0x000000d6                __do_clear_bss
 *(.init4)
 *(.init5)
 *(.init5)
 *(.init6)
 *(.init6)
 *(.init7)
 *(.init7)
 *(.init8)
 *(.init8)
 *(.init9)
 .init9         0x000000e6        0x8 c:/program files (x86)/atmel/atmel toolchain/avr8 gcc/native/3.4.1061/avr8-gnu-toolchain/bin/../lib/gcc/avr/4.8.1/../../../../avr/lib/avr5/crtm328p.o
 *(.init9)
 *(.text)
 .text          0x000000ee        0x4 c:/program files (x86)/atmel/atmel toolchain/avr8 gcc/native/3.4.1061/avr8-gnu-toolchain/bin/../lib/gcc/avr/4.8.1/../../../../avr/lib/avr5/crtm328p.o
                0x000000ee                __vector_22
                0x000000ee                __vector_1
                0x000000ee                __vector_24
                0x000000ee                __vector_12
                0x000000ee                __bad_interrupt
                0x000000ee                __vector_6
                0x000000ee                __vector_23
                0x000000ee                __vector_25
                0x000000ee                __vector_13
                0x000000ee                __vector_17
                0x000000ee                __vector_19
                0x000000ee                __vector_7
                0x000000ee                __vector_5
                0x000000ee                __vector_4
                0x000000ee                __vector_9
                0x000000ee                __vector_2
                0x000000ee                __vector_21
                0x000000ee                __vector_15
                0x000000ee                __vector_8
                0x000000ee                __vector_10
                0x000000ee                __vector_16
                0x000000ee                __vector_18
                0x000000ee                __vector_20
                0x000000f2                . = ALIGN (0x2)
 *(.text.*)
 .text.enableHVPSU
                0x000000f2        0x4 board_conf/board_conf.o
                0x000000f2                enableHVPSU
 .text.disableHVPSU
                0x000000f6        0x4 board_conf/board_conf.o
                0x000000f6                disableHVPSU
 .text.board_init
                0x000000fa       0x64 board_conf/board_conf.o
                0x000000fa                board_init
 .text.main     0x0000015e        0x6 Divergence Meter.o
                0x0000015e                main
 .text.get_time_bcd
                0x00000164       0xba DS3232/DS3232_driver.o
                0x00000164                get_time_bcd
 .text.get_date_bcd
                0x0000021e       0x6e DS3232/DS3232_driver.o
                0x0000021e                get_date_bcd
 .text.set_hours
                0x0000028c       0x72 DS3232/DS3232_driver.o
                0x0000028c                set_hours
 .text.set_minutes
                0x000002fe       0x46 DS3232/DS3232_driver.o
                0x000002fe                set_minutes
 .text.zero_seconds
                0x00000344       0x1c DS3232/DS3232_driver.o
                0x00000344                zero_seconds
 .text.set_month
                0x00000360       0x72 DS3232/DS3232_driver.o
                0x00000360                set_month
 .text.set_day  0x000003d2       0x46 DS3232/DS3232_driver.o
                0x000003d2                set_day
 .text.set_year
                0x00000418       0x46 DS3232/DS3232_driver.o
                0x00000418                set_year
 .text.get_mode_12_24
                0x0000045e       0x3c DS3232/DS3232_driver.o
                0x0000045e                get_mode_12_24
 .text.get_alarm1_time
                0x0000049a       0xb8 DS3232/DS3232_driver.o
                0x0000049a                get_alarm1_time
 .text.get_alarm2_time
                0x00000552       0xa0 DS3232/DS3232_driver.o
                0x00000552                get_alarm2_time
 .text.set_all_mode_12_24
                0x000005f2      0x4e0 DS3232/DS3232_driver.o
                0x000005f2                set_all_mode_12_24
 .text.set_alarm1_time
                0x00000ad2      0x118 DS3232/DS3232_driver.o
                0x00000ad2                set_alarm1_time
 .text.set_alarm2_time
                0x00000bea       0xe6 DS3232/DS3232_driver.o
                0x00000bea                set_alarm2_time
 .text.set_offset_adjust
                0x00000cd0       0x22 DS3232/DS3232_driver.o
                0x00000cd0                set_offset_adjust
 .text.get_offset_adjust
                0x00000cf2       0x2e DS3232/DS3232_driver.o
                0x00000cf2                get_offset_adjust
 .text.init_states
                0x00000d20      0x12a nixie_loader/display_modes.o
                0x00000d20                init_states
 .text.init_button_interrupts
                0x00000e4a       0x18 nixie_loader/display_modes.o
                0x00000e4a                init_button_interrupts
 .text.display_mode_timer_init
                0x00000e62       0x28 nixie_loader/display_modes.o
                0x00000e62                display_mode_timer_init
 .text.__vector_3
                0x00000e8a      0x6cc nixie_loader/display_modes.o
                0x00000e8a                __vector_3
 .text.read_blanking_hour
                0x00001556       0x26 nixie_loader/display_modes.o
                0x00001556                read_blanking_hour
 .text.read_unblanking_hour
                0x0000157c       0x26 nixie_loader/display_modes.o
                0x0000157c                read_unblanking_hour
 .text.__vector_11
                0x000015a2      0x358 nixie_loader/display_modes.o
                0x000015a2                __vector_11
 .text.init_display_vars
                0x000018fa       0x5c nixie_loader/nixie_loader.o
                0x000018fa                init_display_vars
 .text.display_refresh_timer_init
                0x00001956       0x1a nixie_loader/nixie_loader.o
                0x00001956                display_refresh_timer_init
 .text.latchHold
                0x00001970        0x4 nixie_loader/nixie_loader.o
                0x00001970                latchHold
 .text.latchDump
                0x00001974        0x4 nixie_loader/nixie_loader.o
                0x00001974                latchDump
 .text.cycleClock
                0x00001978        0x8 nixie_loader/nixie_loader.o
                0x00001978                cycleClock
 .text.display_excercise
                0x00001980       0x2a nixie_loader/nixie_loader.o
                0x00001980                display_excercise
 .text.generate_digits_divergence
                0x000019aa       0x74 nixie_loader/nixie_loader.o
                0x000019aa                generate_digits_divergence
 .text.generate_digits_time
                0x00001a1e       0x74 nixie_loader/nixie_loader.o
                0x00001a1e                generate_digits_time
 .text.generate_digits_settings
                0x00001a92       0x6a nixie_loader/nixie_loader.o
                0x00001a92                generate_digits_settings
 .text.generate_digits_date
                0x00001afc       0x54 nixie_loader/nixie_loader.o
                0x00001afc                generate_digits_date
 .text.map_digits
                0x00001b50       0x56 nixie_loader/nixie_loader.o
                0x00001b50                map_digits
 .text.generate_bitstream
                0x00001ba6       0x94 nixie_loader/nixie_loader.o
                0x00001ba6                generate_bitstream
 .text.load_latches
                0x00001c3a       0x8a nixie_loader/nixie_loader.o
                0x00001c3a                load_latches
 .text.blankDisplay
                0x00001cc4        0x6 nixie_loader/nixie_loader.o
                0x00001cc4                blankDisplay
 .text.unblankDisplay
                0x00001cca        0x6 nixie_loader/nixie_loader.o
                0x00001cca                unblankDisplay
 .text.__vector_14
                0x00001cd0       0xd8 nixie_loader/nixie_loader.o
                0x00001cd0                __vector_14
 .text.init_twi
                0x00001da8       0x12 twi/twi_driver.o
                0x00001da8                init_twi
 .text.twi_stop
                0x00001dba        0x8 twi/twi_driver.o
                0x00001dba                twi_stop
 .text.twi_wait_for_complete
                0x00001dc2        0xc twi/twi_driver.o
                0x00001dc2                twi_wait_for_complete
 .text.twi_start
                0x00001dce        0xc twi/twi_driver.o
                0x00001dce                twi_start
 .text.twi_send_byte
                0x00001dda       0x10 twi/twi_driver.o
                0x00001dda                twi_send_byte
 .text.twi_recieve_byte_ack
                0x00001dea       0x10 twi/twi_driver.o
                0x00001dea                twi_recieve_byte_ack
 .text.twi_recieve_byte_noack
                0x00001dfa       0x10 twi/twi_driver.o
                0x00001dfa                twi_recieve_byte_noack
 .text.init_usart
                0x00001e0a       0x30 usart/usart_driver.o
                0x00001e0a                init_usart
 .text.libgcc.div
                0x00001e3a       0x28 c:/program files (x86)/atmel/atmel toolchain/avr8 gcc/native/3.4.1061/avr8-gnu-toolchain/bin/../lib/gcc/avr/4.8.1/avr5\libgcc.a(_divmodhi4.o)
                0x00001e3a                _div
                0x00001e3a                __divmodhi4
 .text.libgcc.div
                0x00001e62       0x44 c:/program files (x86)/atmel/atmel toolchain/avr8 gcc/native/3.4.1061/avr8-gnu-toolchain/bin/../lib/gcc/avr/4.8.1/avr5\libgcc.a(_udivmodsi4.o)
                0x00001e62                __udivmodsi4
 .text.libgcc   0x00001ea6        0xc c:/program files (x86)/atmel/atmel toolchain/avr8 gcc/native/3.4.1061/avr8-gnu-toolchain/bin/../lib/gcc/avr/4.8.1/avr5\libgcc.a(_tablejump.o)
                0x00001ea6                __tablejump2__
                0x00001eaa                __tablejump__
 .text.libgcc.div
                0x00001eb2       0x28 c:/program files (x86)/atmel/atmel toolchain/avr8 gcc/native/3.4.1061/avr8-gnu-toolchain/bin/../lib/gcc/avr/4.8.1/avr5\libgcc.a(_udivmodhi4.o)
                0x00001eb2                __udivmodhi4
                0x00001eda                . = ALIGN (0x2)
 *(.fini9)
 .fini9         0x00001eda        0x0 c:/program files (x86)/atmel/atmel toolchain/avr8 gcc/native/3.4.1061/avr8-gnu-toolchain/bin/../lib/gcc/avr/4.8.1/avr5\libgcc.a(_exit.o)
                0x00001eda                _exit
                0x00001eda                exit
 *(.fini9)
 *(.fini8)
 *(.fini8)
 *(.fini7)
 *(.fini7)
 *(.fini6)
 *(.fini6)
 *(.fini5)
 *(.fini5)
 *(.fini4)
 *(.fini4)
 *(.fini3)
 *(.fini3)
 *(.fini2)
 *(.fini2)
 *(.fini1)
 *(.fini1)
 *(.fini0)
 .fini0         0x00001eda        0x4 c:/program files (x86)/atmel/atmel toolchain/avr8 gcc/native/3.4.1061/avr8-gnu-toolchain/bin/../lib/gcc/avr/4.8.1/avr5\libgcc.a(_exit.o)
 *(.fini0)
                0x00001ede                _etext = .

.data           0x00800100       0x60 load address 0x00001ede
                0x00800100                PROVIDE (__data_start, .)
 *(.data)
 *(.data*)
 *(.rodata)
 *(.rodata*)
 .rodata.Nixie.1744
                0x00800100       0x60 nixie_loader/nixie_loader.o
 *(.gnu.linkonce.d*)
                0x00800160                . = ALIGN (0x2)
                0x00800160                _edata = .
                0x00800160                PROVIDE (__data_end, .)

.bss            0x00800160       0x89
                0x00800160                PROVIDE (__bss_start, .)
 *(.bss)
 *(.bss*)
 *(COMMON)
 COMMON         0x00800160       0x59 board_conf/board_conf.o
                0x00800160                display_mode_substate
                0x00800162                time_ampm_bit
                0x00800163                divergence_rand
                0x00800167                unblanking_hour
                0x00800168                display_mode_state
                0x0080016a                blanking_hour
                0x0080016b                alarm1_ampm_bit
                0x0080016c                clock_mode_12_24
                0x0080016d                offset_adjust
                0x0080016e                clock_mode_mmdd_ddmm
                0x0080016f                time
                0x00800175                divergence
                0x0080017c                prog_divergence
                0x008001a8                alarm2
                0x008001ac                date
                0x008001b2                alarm2_ampm_bit
                0x008001b3                alarm1
 COMMON         0x008001b9       0x2e Divergence Meter.o
                0x008001b9                global_bitstream
                0x008001c5                global_digits
                0x008001d5                global_mapped_digits
                0x008001e5                global_nixie_brightness
                0x008001e6                global_nixie_brightness_counter
 COMMON         0x008001e7        0x2 nixie_loader/display_modes.o
                0x008001e7                global_excercise_counter
                0x008001e8                global_excercise_flag
                0x008001e9                PROVIDE (__bss_end, .)
                0x00001ede                __data_load_start = LOADADDR (.data)
                0x00001f3e                __data_load_end = (__data_load_start + SIZEOF (.data))

.noinit         0x008001e9        0x0
                0x008001e9                PROVIDE (__noinit_start, .)
 *(.noinit*)
                0x008001e9                PROVIDE (__noinit_end, .)
                0x008001e9                _end = .
                0x008001e9                PROVIDE (__heap_start, .)

.eeprom         0x00810000        0x0
 *(.eeprom*)
                0x00810000                __eeprom_end = .

.fuse
 *(.fuse)
 *(.lfuse)
 *(.hfuse)
 *(.efuse)

.lock
 *(.lock*)

.signature
 *(.signature*)

.user_signatures
 *(.user_signatures*)

.stab
 *(.stab)

.stabstr
 *(.stabstr)

.stab.excl
 *(.stab.excl)

.stab.exclstr
 *(.stab.exclstr)

.stab.index
 *(.stab.index)

.stab.indexstr
 *(.stab.indexstr)

.comment        0x00000000       0x30
 *(.comment)
 .comment       0x00000000       0x30 board_conf/board_conf.o
                                 0x31 (size before relaxing)
 .comment       0x00000000       0x31 Divergence Meter.o
 .comment       0x00000000       0x31 DS3232/DS3232_driver.o
 .comment       0x00000000       0x31 nixie_loader/display_modes.o
 .comment       0x00000000       0x31 nixie_loader/nixie_loader.o
 .comment       0x00000000       0x31 twi/twi_driver.o
 .comment       0x00000000       0x31 usart/usart_driver.o

.note.gnu.build-id
 *(.note.gnu.build-id)

.debug
 *(.debug)

.line
 *(.line)

.debug_srcinfo
 *(.debug_srcinfo)

.debug_sfnames
 *(.debug_sfnames)

.debug_aranges  0x00000000      0x260
 *(.debug_aranges)
 .debug_aranges
                0x00000000       0x30 board_conf/board_conf.o
 .debug_aranges
                0x00000030       0x20 Divergence Meter.o
 .debug_aranges
                0x00000050       0x98 DS3232/DS3232_driver.o
 .debug_aranges
                0x000000e8       0x50 nixie_loader/display_modes.o
 .debug_aranges
                0x00000138       0x98 nixie_loader/nixie_loader.o
 .debug_aranges
                0x000001d0       0x50 twi/twi_driver.o
 .debug_aranges
                0x00000220       0x40 usart/usart_driver.o

.debug_pubnames
 *(.debug_pubnames)

.debug_info     0x00000000     0x2e73
 *(.debug_info .gnu.linkonce.wi.*)
 .debug_info    0x00000000      0x457 board_conf/board_conf.o
 .debug_info    0x00000457      0x13f Divergence Meter.o
 .debug_info    0x00000596     0x124b DS3232/DS3232_driver.o
 .debug_info    0x000017e1      0xc6e nixie_loader/display_modes.o
 .debug_info    0x0000244f      0x6cc nixie_loader/nixie_loader.o
 .debug_info    0x00002b1b      0x19e twi/twi_driver.o
 .debug_info    0x00002cb9      0x1ba usart/usart_driver.o

.debug_abbrev   0x00000000      0x7ed
 *(.debug_abbrev)
 .debug_abbrev  0x00000000      0x155 board_conf/board_conf.o
 .debug_abbrev  0x00000155       0x9d Divergence Meter.o
 .debug_abbrev  0x000001f2      0x194 DS3232/DS3232_driver.o
 .debug_abbrev  0x00000386      0x152 nixie_loader/display_modes.o
 .debug_abbrev  0x000004d8      0x11f nixie_loader/nixie_loader.o
 .debug_abbrev  0x000005f7       0xd3 twi/twi_driver.o
 .debug_abbrev  0x000006ca      0x123 usart/usart_driver.o

.debug_line     0x00000000      0xc9c
 *(.debug_line .debug_line.* .debug_line_end)
 .debug_line    0x00000000      0x1ad board_conf/board_conf.o
 .debug_line    0x000001ad       0xf6 Divergence Meter.o
 .debug_line    0x000002a3      0x2ff DS3232/DS3232_driver.o
 .debug_line    0x000005a2      0x24c nixie_loader/display_modes.o
 .debug_line    0x000007ee      0x275 nixie_loader/nixie_loader.o
 .debug_line    0x00000a63      0x124 twi/twi_driver.o
 .debug_line    0x00000b87      0x115 usart/usart_driver.o

.debug_frame    0x00000000      0x6dc
 *(.debug_frame)
 .debug_frame   0x00000000       0x44 board_conf/board_conf.o
 .debug_frame   0x00000044       0x24 Divergence Meter.o
 .debug_frame   0x00000068      0x258 DS3232/DS3232_driver.o
 .debug_frame   0x000002c0      0x12c nixie_loader/display_modes.o
 .debug_frame   0x000003ec      0x1ec nixie_loader/nixie_loader.o
 .debug_frame   0x000005d8       0x84 twi/twi_driver.o
 .debug_frame   0x0000065c       0x80 usart/usart_driver.o

.debug_str      0x00000000      0x7a2
 *(.debug_str)
 .debug_str     0x00000000      0x2f7 board_conf/board_conf.o
                                0x379 (size before relaxing)
 .debug_str     0x000002f7       0x89 Divergence Meter.o
                                0x206 (size before relaxing)
 .debug_str     0x00000380      0x1fb DS3232/DS3232_driver.o
                                0x3bf (size before relaxing)
 .debug_str     0x0000057b       0xf5 nixie_loader/display_modes.o
                                0x4e1 (size before relaxing)
 .debug_str     0x00000670       0xaa nixie_loader/nixie_loader.o
                                0x468 (size before relaxing)
 .debug_str     0x0000071a       0x2a twi/twi_driver.o
                                0x1e9 (size before relaxing)
 .debug_str     0x00000744       0x5e usart/usart_driver.o
                                0x1d7 (size before relaxing)

.debug_loc      0x00000000     0x14c1
 *(.debug_loc)
 .debug_loc     0x00000000      0xb9a DS3232/DS3232_driver.o
 .debug_loc     0x00000b9a      0x1d7 nixie_loader/display_modes.o
 .debug_loc     0x00000d71      0x637 nixie_loader/nixie_loader.o
 .debug_loc     0x000013a8       0x2d twi/twi_driver.o
 .debug_loc     0x000013d5       0xec usart/usart_driver.o

.debug_macinfo
 *(.debug_macinfo)

.debug_weaknames
 *(.debug_weaknames)

.debug_funcnames
 *(.debug_funcnames)

.debug_typenames
 *(.debug_typenames)

.debug_varnames
 *(.debug_varnames)

.debug_pubtypes
 *(.debug_pubtypes)

.debug_ranges   0x00000000      0x1f0
 *(.debug_ranges)
 .debug_ranges  0x00000000       0x20 board_conf/board_conf.o
 .debug_ranges  0x00000020       0x10 Divergence Meter.o
 .debug_ranges  0x00000030       0x88 DS3232/DS3232_driver.o
 .debug_ranges  0x000000b8       0x40 nixie_loader/display_modes.o
 .debug_ranges  0x000000f8       0x88 nixie_loader/nixie_loader.o
 .debug_ranges  0x00000180       0x40 twi/twi_driver.o
 .debug_ranges  0x000001c0       0x30 usart/usart_driver.o

.debug_macro
 *(.debug_macro)
OUTPUT(Divergence Meter.elf elf32-avr)
LOAD linker stubs
